# Test file for the class MyList in the module `1-my_list.py`
>>> MyList = __import__('1-my_list').MyList

# Test sorting a list of integers
>>> my_list = MyList([5, 4, 3, 1, 2])
>>> my_list.print_sorted()
[1, 2, 3, 4, 5]

# Test sorting a list of identical integers
>>> my_list = MyList([1, 1, 1, 1])
>>> my_list.print_sorted()
[1, 1, 1, 1]

# Test sorting a list of negative integers
>>> my_list = MyList([-1, -2, -5])
>>> my_list.print_sorted()
[-5, -2, -1]

# Test sorting an empty list
>>> my_list = MyList([])
>>> my_list.print_sorted()
[]

# Test sorting a list with a single integer
>>> my_list = MyList([3])
>>> my_list.print_sorted()
[3]

# Test sorting a non-list object (should raise TypeError)
>>> my_list = MyList(3)
Traceback (most recent call last):
    ...
TypeError: 'int' object is not iterable
